// Jest Snapshot v1, https://goo.gl/fbAQLP

exports[`components/message/message should match the snapshot 1`] = `
preact-render-spy (1 nodes)
-------
<div
  class="success"
  style="width:100%"
>
  <span>hello</span>
</div>

`;
